**You:**

Ich habe ein Packet tracer 8 Projekt in den Nächsten nachrichten werde ich dir die Konfigurationen der Geräte Übergeben, merke dir diese wir werden damit arbeiten

* * *

**ChatGPT:**

In Ordnung, ich werde auf Ihre Konfigurationsinformationen in den nächsten Nachrichten achten und sie mir merken, um Ihnen bei Ihrem Packet Tracer 8-Projekt zu helfen. Bitte senden Sie die Konfigurationsdetails der Geräte, und ich werde Ihnen bei der Arbeit mit diesen Informationen zur Seite stehen.

* * *

**You:**

!
version 15.1
no service timestamps log datetime msec
no service timestamps debug datetime msec
no service password-encryption
!
hostname Internet
!
!
!
!
ip dhcp excluded-address 192.168.1.1 192.168.1.10
!
ip dhcp pool Internet_Anschluss
 network 192.168.1.0 255.255.255.0
 default-router 192.168.1.1
 dns-server 8.8.8.8
!
!
!
no ip cef
no ipv6 cef
!
!
!
!
license udi pid CISCO2911/K9 sn FTX1524600B-
!
!
!
!
!
!
!
!
!
!
!
spanning-tree mode pvst
!
!
!
!
!
!
interface GigabitEthernet0/0
 description Kunden Seite
 ip address 192.168.1.1 255.255.255.0
 ip nat inside
 duplex auto
 speed auto
!
interface GigabitEthernet0/1
 description Internet Seite
 ip address 8.0.0.1 255.0.0.0
 ip nat outside
 duplex auto
 speed auto
!
interface GigabitEthernet0/2
 no ip address
 duplex auto
 speed auto
 shutdown
!
interface FastEthernet0/0/0
 switchport mode access
 switchport nonegotiate
!
interface FastEthernet0/0/1
 switchport mode access
 switchport nonegotiate
!
interface FastEthernet0/0/2
 switchport mode access
 switchport nonegotiate
!
interface FastEthernet0/0/3
 switchport mode access
 switchport nonegotiate
!
interface FastEthernet0/1/0
 switchport mode access
 switchport nonegotiate
!
interface FastEthernet0/1/1
 switchport mode access
 switchport nonegotiate
!
interface FastEthernet0/1/2
 switchport mode access
 switchport nonegotiate
!
interface FastEthernet0/1/3
 switchport mode access
 switchport nonegotiate
!
interface Vlan1
 ip address 11.0.0.1 255.0.0.0
 shutdown
!
router rip
!
ip nat pool NAT 8.8.9.1 8.8.9.100 netmask 255.0.0.0
ip classless
!
ip flow-export version 9
!
!
!
!
!
!
!
!
line con 0
!
line aux 0
!
line vty 0 4
 login
!
!
!
end



* * *

**ChatGPT:**

Danke für die Bereitstellung der Konfigurationsinformationen. Hier ist eine Zusammenfassung der wichtigsten Konfigurationen:

1.  Der Gerätename ist "Internet".
2.  Der DHCP-Server ist für den IP-Adressbereich 192.168.1.0/24 konfiguriert, mit ausgeschlossenen Adressen von 192.168.1.1 bis 192.168.1.10. Der DHCP-Poolname ist "Internet\_Anschluss".
3.  Der DNS-Server ist auf 8.8.8.8 festgelegt.
4.  Es gibt drei GigabitEthernet-Interfaces:
    *   GigabitEthernet0/0 ist die Kundenseite mit der IP-Adresse 192.168.1.1/24 und ist für NAT (Network Address Translation) konfiguriert.
    *   GigabitEthernet0/1 ist die Internetseite mit der IP-Adresse 8.0.0.1/8 und ist auch für NAT konfiguriert.
    *   GigabitEthernet0/2 ist nicht konfiguriert und deaktiviert.
5.  Es gibt mehrere FastEthernet-Interfaces, die alle im Zugriffsmodus konfiguriert und nicht verhandelbar sind.
6.  Die Vlan1-Schnittstelle hat die IP-Adresse 11.0.0.1/8 und ist deaktiviert.
7.  Der RIP (Routing Information Protocol) Router ist konfiguriert, aber ohne spezifische Netzwerke.
8.  Ein NAT-Pool namens "NAT" ist konfiguriert, der Adressen von 8.8.9.1 bis 8.8.9.100 im Netz 255.0.0.0 umfasst.
9.  Die Konsole, AUX und VTY Leitungen sind ebenfalls konfiguriert.

Bitte teilen Sie mir mit, wie ich Ihnen bei der Arbeit mit diesen Konfigurationen helfen kann, oder welche spezifischen Aufgaben oder Probleme Sie in Ihrem Packet Tracer 8-Projekt lösen möchten.

* * *

**You:**

!
version 15.1
no service timestamps log datetime msec
no service timestamps debug datetime msec
no service password-encryption
!
hostname Router
!
!
!
!
!
!
!
!
ip cef
no ipv6 cef
!
!
!
!
license udi pid CISCO2911/K9 sn FTX1524A06R-
!
!
!
!
!
!
!
!
!
!
!
spanning-tree mode pvst
!
!
!
!
!
!
interface GigabitEthernet0/0
 description LAN
 ip address 192.168.2.1 255.255.255.0
 ip nat inside
 duplex auto
 speed auto
!
interface GigabitEthernet0/1
 description WAN
 ip address dhcp
 ip nat outside
 duplex auto
 speed auto
!
interface GigabitEthernet0/2
 no ip address
 duplex auto
 speed auto
!
interface Vlan1
 no ip address
!
ip nat inside source list 1 interface GigabitEthernet0/1 overload
ip default-gateway 192.168.1.1
ip classless
ip route 192.168.3.0 255.255.255.0 192.168.2.254 
!
ip flow-export version 9
!
!
access-list 1 permit 192.168.2.0 0.0.0.255
!
!
!
!
!
line con 0
!
line aux 0
!
line vty 0 4
 login
!
!
!
end



* * *

**ChatGPT:**

Danke für die Bereitstellung der Konfigurationsinformationen für den zweiten Router. Hier ist eine Zusammenfassung der wichtigsten Konfigurationen:

1.  Der Gerätename ist "Router".
2.  IP CEF (Cisco Express Forwarding) ist aktiviert.
3.  Es gibt drei GigabitEthernet-Interfaces:
    *   GigabitEthernet0/0 ist als LAN-Interface konfiguriert mit der IP-Adresse 192.168.2.1/24 und ist für NAT (Network Address Translation) konfiguriert.
    *   GigabitEthernet0/1 ist als WAN-Interface konfiguriert und bezieht seine IP-Adresse über DHCP. Es ist auch für NAT konfiguriert.
    *   GigabitEthernet0/2 ist nicht konfiguriert.
4.  Die Vlan1-Schnittstelle hat keine IP-Adresse.
5.  Eine NAT-Regel ist konfiguriert, um den Verkehr von der Zugriffsliste 1 über das GigabitEthernet0/1-Interface zu übersetzen.
6.  Der Standardgateway ist auf 192.168.1.1 eingestellt.
7.  Eine statische Route ist konfiguriert, um den Verkehr zum 192.168.3.0/24-Netzwerk über das Gateway 192.168.2.254 zu leiten.
8.  Eine Zugriffsliste (Access-List) 1 ist konfiguriert, um den Verkehr vom 192.168.2.0/24-Netzwerk zuzulassen.
9.  Die Konsole, AUX und VTY Leitungen sind ebenfalls konfiguriert.

Bitte teilen Sie mir mit, wie ich Ihnen bei der Arbeit mit diesen Konfigurationen helfen kann, oder welche spezifischen Aufgaben oder Probleme Sie in Ihrem Packet Tracer 8-Projekt lösen möchten.

* * *

**You:**

!
version 12.2(37)SE1
no service timestamps log datetime msec
no service timestamps debug datetime msec
no service password-encryption
!
hostname Switch
!
!
!
!
!
!
ip routing
!
!
!
!
!
!
!
!
!
!
!
!
!
!
!
spanning-tree mode pvst
!
!
!
!
!
!
interface FastEthernet0/1
 switchport trunk encapsulation dot1q
 switchport mode trunk
!
interface FastEthernet0/2
!
interface FastEthernet0/3
!
interface FastEthernet0/4
!
interface FastEthernet0/5
!
interface FastEthernet0/6
!
interface FastEthernet0/7
!
interface FastEthernet0/8
!
interface FastEthernet0/9
!
interface FastEthernet0/10
!
interface FastEthernet0/11
!
interface FastEthernet0/12
!
interface FastEthernet0/13
!
interface FastEthernet0/14
!
interface FastEthernet0/15
!
interface FastEthernet0/16
!
interface FastEthernet0/17
!
interface FastEthernet0/18
!
interface FastEthernet0/19
!
interface FastEthernet0/20
 switchport access vlan 10
 switchport mode access
!
interface FastEthernet0/21
 switchport access vlan 10
 switchport mode access
!
interface FastEthernet0/22
 switchport access vlan 10
 switchport mode access
!
interface FastEthernet0/23
 switchport access vlan 10
 switchport mode access
!
interface FastEthernet0/24
 switchport access vlan 10
 switchport mode access
!
interface GigabitEthernet0/1
 switchport trunk encapsulation dot1q
 switchport mode trunk
!
interface GigabitEthernet0/2
!
interface Vlan1
 no ip address
 shutdown
!
interface Vlan10
 mac-address 0060.3e7c.8b01
 ip address 192.168.2.254 255.255.255.0
 ip access-group ALLOW_WEB_ACCESS in
!
ip classless
ip route 0.0.0.0 0.0.0.0 192.168.2.1 
!
ip flow-export version 9
!
!
ip access-list extended ALLOW_WEB_ACCESS
 permit tcp any any eq www
 permit tcp any any eq 443
 permit ip 192.168.2.0 0.0.0.255 192.168.3.0 0.0.0.255
 permit ip 192.168.3.0 0.0.0.255 192.168.3.0 0.0.0.255
 deny ip any any
!
!
!
!
!
!
line con 0
!
line aux 0
!
line vty 0 4
 login
line vty 5 15
 login
!
!
!
!
end



* * *

**ChatGPT:**

Danke für die Bereitstellung der Konfigurationsinformationen für den Switch. Hier ist eine Zusammenfassung der wichtigsten Konfigurationen:

1.  Der Gerätename ist "Switch".
2.  IP-Routing ist aktiviert.
3.  Spanning-Tree-Modus ist auf PVST eingestellt.
4.  FastEthernet0/1 und GigabitEthernet0/1-Interfaces sind als Trunk-Ports konfiguriert und verwenden die 802.1Q-VLAN-Trunking-Protokoll-Encapsulation.
5.  FastEthernet-Ports von 0/20 bis 0/24 sind als Zugriffsports konfiguriert und gehören zum VLAN 10.
6.  Es gibt zwei VLAN-Interfaces:
    *   Vlan1 hat keine IP-Adresse und ist deaktiviert.
    *   Vlan10 hat die MAC-Adresse 0060.3e7c.8b01 und die IP-Adresse 192.168.2.254/24. Eine eingehende Zugriffsliste mit dem Namen "ALLOW\_WEB\_ACCESS" ist diesem VLAN zugewiesen.
7.  Eine statische Standardroute ist konfiguriert, um den gesamten Verkehr an das Gateway 192.168.2.1 zu leiten.
8.  Eine erweiterte Zugriffsliste namens "ALLOW\_WEB\_ACCESS" ist konfiguriert:
    *   Erlaubt den Zugriff auf HTTP (Port 80) und HTTPS (Port 443) für alle Quellen und Ziele.
    *   Erlaubt den IP-Verkehr zwischen den Netzwerken 192.168.2.0/24 und 192.168.3.0/24.
    *   Erlaubt den IP-Verkehr innerhalb des Netzwerks 192.168.3.0/24.
    *   Verweigert allen anderen IP-Verkehr.
9.  Die Konsole, AUX und VTY Leitungen sind ebenfalls konfiguriert.

Bitte teilen Sie mir mit, wie ich Ihnen bei der Arbeit mit diesen Konfigurationen helfen kann, oder welche spezifischen Aufgaben oder Probleme Sie in Ihrem Packet Tracer 8-Projekt lösen möchten.

* * *

**You:**

Aktuell sind an den Switch folgende Geräte angeschlossen:

Gig0/1: Router
Fa0/1: DHCP, DNS &amp; Web-Server
  ServerPool: 
    Gateway: 192.168.2.1
    DNS: 192.168.2.2
    Start-IP: 192.168.2.100
    Max-Users: 101
Fa0/10-0/13: Access Point-PT
Fa0/20: Simulierter Storage Server (Server-PT mit einem Webserver)
Fa0/21: Simulierte Netzwerk Kamera (Laptop-PT)

* * *

**ChatGPT:**

Basierend auf den bereitgestellten Informationen sind die Geräte wie folgt an den Switch angeschlossen:

1.  GigabitEthernet0/1: Verbindung zum Router.
2.  FastEthernet0/1: Verbindung zum DHCP, DNS und Webserver.
    *   ServerPool-Konfiguration:
        *   Gateway: 192.168.2.1
        *   DNS: 192.168.2.2
        *   Start-IP: 192.168.2.100
        *   Max-Users: 101
3.  FastEthernet0/10 bis 0/13: Verbindung zu Access Points (Access Point-PT).
4.  FastEthernet0/20: Verbindung zum simulierten Storage-Server (Server-PT mit einem Webserver).
5.  FastEthernet0/21: Verbindung zur simulierten Netzwerkkamera (Laptop-PT).

Wenn Sie Fragen oder Anliegen bezüglich dieser Konfiguration haben oder weitere Hilfe bei Ihrem Packet Tracer 8-Projekt benötigen, lassen Sie es mich bitte wissen.

* * *

**You:**

Wie kann ich sicherstellen das nur der webserver auf dem Simulierten storage server Fa0/20) von ausserhalb erreichbar ist? Damit jeder laptop im 192.168.2.x netwerk auf die inhalte der seite zugreiffen kann, ohne direkten zugriff auf die kamera zu zu lassen? Überprüfe auch alle Konfigurationen auf eventuelle konflikte

* * *

**ChatGPT:**

Um sicherzustellen, dass nur der Webserver auf dem simulierten Storage-Server (angeschlossen an Fa0/20) von außerhalb erreichbar ist und gleichzeitig Laptops im 192.168.2.x-Netzwerk auf die Inhalte der Seite zugreifen können, ohne direkten Zugriff auf die Kamera zuzulassen, sollten Sie die folgenden Schritte ausführen:

1.  Aktualisieren Sie die "ALLOW\_WEB\_ACCESS"-Zugriffsliste auf dem Switch, um den Zugriff auf den Webserver des simulierten Storage-Servers zu beschränken und den Zugriff auf die Kamera zu verweigern:

```arduino
ip access-list extended ALLOW_WEB_ACCESS
 permit tcp any host 192.168.2.20 eq www
 permit tcp any host 192.168.2.20 eq 443
 permit ip 192.168.2.0 0.0.0.255 192.168.3.0 0.0.0.255
 permit ip 192.168.3.0 0.0.0.255 192.168.3.0 0.0.0.255
 deny ip any any
```

Diese aktualisierte Zugriffsliste erlaubt nur den Zugriff auf HTTP (Port 80) und HTTPS (Port 443) für den simulierten Storage-Server (192.168.2.20) und verweigert den Zugriff auf alle anderen Geräte.

2.  Überprüfen Sie die Konfiguration des Routers, um sicherzustellen, dass keine NAT-Regeln oder ACLs den Zugriff auf den simulierten Storage-Server oder die Kamera einschränken.
    
3.  Stellen Sie sicher, dass die Firewall-Einstellungen auf dem simulierten Storage-Server und der Kamera korrekt konfiguriert sind, um den gewünschten Zugriff zuzulassen bzw. zu verweigern.
    

Nachdem ich die Konfigurationen überprüft habe, gibt es keine offensichtlichen Konflikte. Die Anpassungen an der "ALLOW\_WEB\_ACCESS"-Zugriffsliste sollten ausreichen, um den gewünschten Zugriff auf den Webserver des simulierten Storage-Servers zu ermöglichen und den Zugriff auf die Kamera zu verhindern. Achten Sie darauf, die Firewall- und Sicherheitseinstellungen auf den Geräten selbst zu überprüfen, um sicherzustellen, dass sie korrekt konfiguriert sind.

* * *

**You:**

Der Simulierte Storage Server befindet sich im VLAN10 und hat die IP 192.168.3.2 Überprüfe deine antwort

* * *

**ChatGPT:**

Entschuldigung für das Missverständnis. Da sich der simulierte Storage-Server im VLAN 10 mit der IP-Adresse 192.168.3.2 befindet, sollten Sie die folgenden Schritte ausführen:

1.  Aktualisieren Sie die "ALLOW\_WEB\_ACCESS"-Zugriffsliste auf dem Switch, um den Zugriff auf den Webserver des simulierten Storage-Servers zu beschränken und den Zugriff auf die Kamera zu verweigern:

```arduino
ip access-list extended ALLOW_WEB_ACCESS
 permit tcp any host 192.168.3.2 eq www
 permit tcp any host 192.168.3.2 eq 443
 permit ip 192.168.2.0 0.0.0.255 192.168.3.0 0.0.0.255
 deny ip any any
```

Diese aktualisierte Zugriffsliste erlaubt nur den Zugriff auf HTTP (Port 80) und HTTPS (Port 443) für den simulierten Storage-Server (192.168.3.2) und verweigert den Zugriff auf alle anderen Geräte.

2.  Überprüfen Sie die Konfiguration des Routers, um sicherzustellen, dass keine NAT-Regeln oder ACLs den Zugriff auf den simulierten Storage-Server oder die Kamera einschränken.
    
3.  Stellen Sie sicher, dass die Firewall-Einstellungen auf dem simulierten Storage-Server und der Kamera korrekt konfiguriert sind, um den gewünschten Zugriff zuzulassen bzw. zu verweigern.
    

Nachdem ich die Konfigurationen erneut überprüft habe, sollten die oben genannten Anpassungen an der "ALLOW\_WEB\_ACCESS"-Zugriffsliste ausreichen, um den gewünschten Zugriff auf den Webserver des simulierten Storage-Servers zu ermöglichen und den Zugriff auf die Kamera zu verhindern. Achten Sie darauf, die Firewall- und Sicherheitseinstellungen auf den Geräten selbst zu überprüfen, um sicherzustellen, dass sie korrekt konfiguriert sind.

* * *

**You:**

Du hast die Aktuelle konfiguration des routers kannst du selber überprüfen das keine Konflikte existieren?

* * *

**ChatGPT:**

Entschuldigung für die Verwirrung. Ich werde die Router-Konfiguration noch einmal überprüfen, um sicherzustellen, dass keine Konflikte vorhanden sind.

```scss
hostname Router
!
interface GigabitEthernet0/0
 description LAN
 ip address 192.168.2.1 255.255.255.0
 ip nat inside
 duplex auto
 speed auto
!
interface GigabitEthernet0/1
 description WAN
 ip address dhcp
 ip nat outside
 duplex auto
 speed auto
!
ip nat inside source list 1 interface GigabitEthernet0/1 overload
ip default-gateway 192.168.1.1
ip classless
ip route 192.168.3.0 255.255.255.0 192.168.2.254 
!
access-list 1 permit 192.168.2.0 0.0.0.255
```

Nach der Überprüfung der Router-Konfiguration gibt es keine offensichtlichen Konflikte, die den Zugriff auf den simulierten Storage-Server oder die Kamera beeinflussen würden. Die NAT-Regel und die Zugriffsliste 1 sind korrekt konfiguriert, um den gesamten Datenverkehr aus dem 192.168.2.x-Netzwerk zu übersetzen und das 192.168.3.x-Netzwerk über den Switch mit der IP-Adresse 192.168.2.254 zu erreichen.

Stellen Sie sicher, dass die Firewall- und Sicherheitseinstellungen auf dem simulierten Storage-Server und der Kamera korrekt konfiguriert sind, um den gewünschten Zugriff zuzulassen bzw. zu verweigern. Die Anpassungen an der "ALLOW\_WEB\_ACCESS"-Zugriffsliste, wie in meiner vorherigen Antwort angegeben, sollten ebenfalls ausreichend sein, um den gewünschten Zugriff auf den Webserver des simulierten Storage-Servers zu ermöglichen und den Zugriff auf die Kamera zu verhindern.

* * *

**You:**

Wenn ich versuch die Webseite über ein gerät im netzwerk aufzurufen scheitert das Packet beim Router. 
Der Router schlägt fehl auf layer 2 mit folgender nachricht: 
1. The next-hop IP address is not in the ARP table. The ARP process tries to send an ARP request for that IP address and drops this packet.

* * *

**ChatGPT:**

Die Fehlermeldung besagt, dass der Router die IP-Adresse des nächsten Hops (192.168.2.254) nicht in seiner ARP-Tabelle finden kann. Um dieses Problem zu beheben, stellen Sie sicher, dass die Verbindung zwischen dem Router und dem Switch korrekt hergestellt wurde und dass beide Geräte eingeschaltet sind.

Der Router ist über die GigabitEthernet0/0-Schnittstelle (192.168.2.1) mit dem Switch verbunden. Der Switch hat die IP-Adresse 192.168.2.254 auf der VLAN 10-Schnittstelle. Stellen Sie sicher, dass das Kabel, das den Router und den Switch verbindet, an den richtigen Ports angeschlossen ist und dass keine physischen Verbindungsprobleme vorliegen.

Überprüfen Sie auch die Konfiguration des Switches und stellen Sie sicher, dass der Uplink-Port (GigabitEthernet0/1) als Trunk konfiguriert ist:

```kotlin
interface GigabitEthernet0/1
 switchport trunk encapsulation dot1q
 switchport mode trunk
```

Stellen Sie schließlich sicher, dass der Router eine statische Route zum 192.168.3.x-Netzwerk über den Switch (192.168.2.254) hat:

```
ip route 192.168.3.0 255.255.255.0 192.168.2.254
```

Wenn das Problem weiterhin besteht, führen Sie auf dem Router den Befehl `show arp` aus, um den aktuellen ARP-Cache zu überprüfen. Wenn die IP-Adresse 192.168.2.254 nicht im ARP-Cache vorhanden ist, versuchen Sie, auf dem Router den Befehl `clear arp-cache` auszuführen, um den ARP-Cache zu löschen und neue ARP-Anfragen zu senden.

Wenn das Problem nach diesen Schritten weiterhin besteht, teilen Sie uns bitte weitere Informationen mit, damit wir Ihnen besser helfen können.

* * *

**You:**

Internet  192.168.2.254           -   Incomplete      ARPA   GigabitEthernet0/0

* * *

**ChatGPT:**

Da die ARP-Tabelle den Eintrag für 192.168.2.254 als "Incomplete" anzeigt, konnte der Router keine Antwort auf seine ARP-Anfrage für diese IP-Adresse erhalten. Um dieses Problem zu beheben, sollten Sie die folgenden Schritte ausführen:

1.  Stellen Sie sicher, dass die physische Verbindung zwischen dem Router und dem Switch korrekt ist. Überprüfen Sie, ob das Ethernet-Kabel, das die beiden Geräte verbindet, korrekt angeschlossen ist und ob es funktioniert.
    
2.  Stellen Sie sicher, dass die GigabitEthernet0/1-Schnittstelle des Switches als Trunk konfiguriert ist und die VLAN-Konfiguration korrekt ist:
    
    ```kotlin
    interface GigabitEthernet0/1
     switchport trunk encapsulation dot1q
     switchport mode trunk
    ```
    
3.  Überprüfen Sie die VLAN-Konfiguration auf dem Switch und stellen Sie sicher, dass die VLAN 10-Schnittstelle aktiv ist und die korrekte IP-Adresse hat:
    
    ```kotlin
    interface Vlan10
     ip address 192.168.2.254 255.255.255.0
    ```
    
4.  Stellen Sie sicher, dass die IP-Adresse des Routers (192.168.2.1) in der VLAN 10-Schnittstelle des Switches als Standard-Gateway eingetragen ist:
    
    ```
    ip route 0.0.0.0 0.0.0.0 192.168.2.1
    ```
    
5.  Führen Sie auf dem Router den Befehl `clear arp-cache` aus, um den ARP-Cache zu löschen und neue ARP-Anfragen zu senden.
    

Wenn das Problem weiterhin besteht, überprüfen Sie die Switch-Konfiguration und stellen Sie sicher, dass keine Sicherheitseinstellungen den ARP-Verkehr blockieren. Sie können auch versuchen, die Verbindung zwischen dem Router und dem Switch mit einem anderen Ethernet-Kabel oder Port zu testen, um mögliche Hardwareprobleme auszuschließen.

* * *

**You:**

i got following error: 1. The next-hop IP address is not in the ARP table. The ARP process tries to send an ARP request for that IP address and drops this packet.
the problem is at the router

* * *

**ChatGPT:**

If the issue is at the router and the next-hop IP address (192.168.2.254) is not in the ARP table, please follow these troubleshooting steps:

1.  Verify that the router's GigabitEthernet0/0 interface is correctly configured:
    
    ```scss
    interface GigabitEthernet0/0
     description LAN
     ip address 192.168.2.1 255.255.255.0
     ip nat inside
     duplex auto
     speed auto
    ```
    
2.  Ensure that the router has a static route to the 192.168.3.x network through the switch (192.168.2.254):
    
    ```
    ip route 192.168.3.0 255.255.255.0 192.168.2.254
    ```
    
3.  Check the physical connection between the router and the switch. Make sure the Ethernet cable connecting the two devices is properly connected and functioning.
    
4.  On the router, execute the `show arp` command to inspect the current ARP cache. If the 192.168.2.254 IP address is not present in the ARP cache, try running the `clear arp-cache` command on the router to clear the ARP cache and send new ARP requests.
    
5.  Check the switch's configuration, ensuring the GigabitEthernet0/1 interface is configured as a trunk:
    
    ```kotlin
    interface GigabitEthernet0/1
     switchport trunk encapsulation dot1q
     switchport mode trunk
    ```
    
6.  If the problem persists, you can try to manually add a static ARP entry for the switch's IP address (192.168.2.254) on the router. To do this, you will need the switch's MAC address, which can be found using the `show interfaces vlan 10` command on the switch. Then, add the static ARP entry on the router using the following command:
    
    ```arduino
    arp 192.168.2.254 <switch-mac-address> ARPA
    ```
    

If the problem still exists after trying these steps, please provide more information about your network topology and any changes made to the configurations to help us diagnose the issue further.

* * *

**You:**

Switch#
Switch#show interfaces vlan 10
Vlan10 is up, line protocol is up
  Hardware is CPU Interface, address is 0060.3e7c.8b01 (bia 0060.3e7c.8b01)
  Internet address is 192.168.2.254/24
  MTU 1500 bytes, BW 100000 Kbit, DLY 1000000 usec,
     reliability 255/255, txload 1/255, rxload 1/255
  Encapsulation ARPA, loopback not set
  ARP type: ARPA, ARP Timeout 04:00:00
  Last input 21:40:21, output never, output hang never
  Last clearing of "show interface" counters never
  Input queue: 0/75/0/0 (size/max/drops/flushes); Total output drops: 0
  Queueing strategy: fifo
  Output queue: 0/40 (size/max)
  5 minute input rate 0 bits/sec, 0 packets/sec
  5 minute output rate 0 bits/sec, 0 packets/sec
     1682 packets input, 530955 bytes, 0 no buffer
     Received 0 broadcasts (0 IP multicast)
     0 runts, 0 giants, 0 throttles
     0 input errors, 0 CRC, 0 frame, 0 overrun, 0 ignored
     563859 packets output, 0 bytes, 0 underruns
     0 output errors, 23 interface resets
     0 output buffer failures, 0 output buffers swapped out

* * *

**ChatGPT:**

Thank you for providing the information. Based on the output, the switch's MAC address is 0060.3e7c.8b01. You can now add a static ARP entry on the router for the switch's IP address (192.168.2.254) using the following command:

```yaml
arp 192.168.2.254 0060.3e7c.8b01 ARPA
```

After adding the static ARP entry, the router should be able to communicate with the switch, and the "next-hop IP address is not in the ARP table" error should be resolved.

To verify if the issue is fixed, try accessing the web server from a device within the 192.168.2.x network again. If the issue persists, please provide more information about your network topology and any changes made to the configurations to help us diagnose the issue further.

* * *

**You:**

Router#
Router#arp 192.168.2.254 0060.3e7c.8b01 ARPA
           ^
% Invalid input detected at '^' marker.
	
Router#conf t
Enter configuration commands, one per line.  End with CNTL/Z.
Router(config)#arp 192.168.2.254 0060.3e7c.8b01 ARPA
                ^
% Invalid input detected at '^' marker.

* * *

**ChatGPT:**

Apologies for the confusion. I made an error in the command syntax. The correct command to add a static ARP entry on the router is:

```arduino
Router(config)#arp 192.168.2.254 0060.3e7c.8b01
```

Here's the corrected sequence of commands:

```arduino
Router#
Router#conf t
Enter configuration commands, one per line.  End with CNTL/Z.
Router(config)#arp 192.168.2.254 0060.3e7c.8b01
Router(config)#end
```

After adding the static ARP entry, the router should be able to communicate with the switch, and the "next-hop IP address is not in the ARP table" error should be resolved. To verify if the issue is fixed, try accessing the web server from a device within the 192.168.2.x network again. If the issue persists, please provide more information about your network topology and any changes made to the configurations to help us diagnose the issue further.

* * *

**You:**

thats not correct

* * *

**ChatGPT:**

I apologize for the confusion earlier. After reviewing the configurations again, I noticed that there is an inconsistency in the IP addressing. The switch's VLAN 10 interface is configured with the IP address 192.168.2.254, which is in the same subnet as the router's GigabitEthernet0/0 interface (192.168.2.1).

However, you mentioned that the simulated storage server is in VLAN 10 with the IP address 192.168.3.2. In this case, the IP address of the switch's VLAN 10 interface should be in the 192.168.3.x subnet.

To fix this issue, you should change the IP address of the switch's VLAN 10 interface to be in the 192.168.3.x subnet. For example, you can change it to 192.168.3.254. Here's how to do it:

```arduino
Switch#conf t
Switch(config)#interface Vlan10
Switch(config-if)#ip address 192.168.3.254 255.255.255.0
Switch(config-if)#end
```

After making this change, update the static route on the router to reflect the new next-hop IP address:

```arduino
Router#conf t
Router(config)#no ip route 192.168.3.0 255.255.255.0 192.168.2.254
Router(config)#ip route 192.168.3.0 255.255.255.0 192.168.3.254
Router(config)#end
```

Now, try accessing the web server from a device within the 192.168.2.x network again. If the issue persists, please provide more information about your network topology and any changes made to the configurations to help us diagnose the issue further.

* * *

**You:**

1. The routing table does not have a route to the destination IP address. The device drops the packet.
2. The device sends back an ICMP Host Unreachable message.

this error will happen inside the router if i try to ping 192.168.3.2

* * *

**ChatGPT:**

My apologies for the confusion earlier. Based on the provided configurations and the issues you're experiencing, it appears that the switch is not properly routing the traffic between VLAN 1 and VLAN 10.

Please follow these steps to create a new VLAN and assign the storage server to the new VLAN:

1.  Create VLAN 20 on the switch:

```arduino
Switch#conf t
Switch(config)#vlan 20
Switch(config-vlan)#name Storage_VLAN
Switch(config-vlan)#end
```

2.  Change the interface FastEthernet0/20 (where the simulated storage server is connected) to be a part of VLAN 20:

```arduino
Switch#conf t
Switch(config)#interface FastEthernet0/20
Switch(config-if)#switchport access vlan 20
Switch(config-if)#switchport mode access
Switch(config-if)#end
```

3.  Configure the switch's VLAN 20 interface with an IP address in the 192.168.3.x subnet (e.g., 192.168.3.254):

```arduino
Switch#conf t
Switch(config)#interface Vlan20
Switch(config-if)#ip address 192.168.3.254 255.255.255.0
Switch(config-if)#no shutdown
Switch(config-if)#end
```

4.  Update the static route on the router to reflect the new VLAN 20 and the next-hop IP address:

```arduino
Router#conf t
Router(config)#no ip route 192.168.3.0 255.255.255.0 192.168.2.254
Router(config)#ip route 192.168.3.0 255.255.255.0 192.168.2.254
Router(config)#end
```

5.  Verify the new configuration:

```arduino
Switch#show vlan
Router#show ip route
```

6.  Test the connectivity by pinging the storage server from the router and from a device within the 192.168.2.x network:

```arduino
Router#ping 192.168.3.2
```

If the issue persists, please provide more information about your network topology and any changes made to the configurations to help us diagnose the issue further.

* * *

**You:**

why should i create a new vlan, how can i fix the issue using the existing vlan 10 the server is in? the port where the router is connected to so he should be able to communicate with the diffrent vlans right?

* * *

**ChatGPT:**

Apologies for my misunderstanding earlier. Since you would like to use the existing VLAN 10, we will need to ensure that the switch is properly routing traffic between VLAN 1 and VLAN 10.

First, let's make sure that the router is configured to communicate with the switch's VLAN 10 interface. To do this, you will need to create a subinterface on the router's GigabitEthernet0/0 interface with the following configuration:

1.  Configure the subinterface on the router:

```arduino
Router#conf t
Router(config)#interface GigabitEthernet0/0.10
Router(config-subif)#encapsulation dot1Q 10
Router(config-subif)#ip address 192.168.2.253 255.255.255.0
Router(config-subif)#end
```

2.  Update the static route on the router to reflect the new next-hop IP address:

```arduino
Router#conf t
Router(config)#no ip route 192.168.3.0 255.255.255.0 192.168.2.254
Router(config)#ip route 192.168.3.0 255.255.255.0 192.168.2.254
Router(config)#end
```

3.  Ensure that the switch's interface connected to the router (GigabitEthernet0/1) is configured as a trunk port:

```arduino
Switch#conf t
Switch(config)#interface GigabitEthernet0/1
Switch(config-if)#switchport trunk encapsulation dot1q
Switch(config-if)#switchport mode trunk
Switch(config-if)#end
```

4.  Verify the new configuration:

```arduino
Switch#show vlan
Router#show ip route
```

5.  Test the connectivity by pinging the storage server from the router and from a device within the 192.168.2.x network:

```arduino
Router#ping 192.168.3.2
```

If the issue persists, please provide more information about your network topology and any changes made to the configurations to help us diagnose the issue further.

* * *

**You:**

i think "ip address 192.168.2.253 255.255.255.0" in step 1 is wrong

* * *

**ChatGPT:**

You're right. My apologies for the mistake. Since the router's GigabitEthernet0/0 interface already has an IP address (192.168.2.1) and the switch's VLAN 10 interface has an IP address (192.168.2.254), there is no need to create a subinterface on the router. Instead, we need to make sure the router has a route to the VLAN 10 network (192.168.3.0/24).

To correct this, please update the static route on the router to use the switch's VLAN 10 interface IP address (192.168.2.254) as the next hop:

```arduino
Router#conf t
Router(config)#no ip route 192.168.3.0 255.255.255.0 192.168.2.254
Router(config)#ip route 192.168.3.0 255.255.255.0 192.168.2.254
Router(config)#end
```

After updating the static route, test the connectivity by pinging the storage server from the router and from a device within the 192.168.2.x network:

```arduino
Router#ping 192.168.3.2
```

If the issue persists, please provide more information about your network topology and any changes made to the configurations to help us diagnose the issue further.

* * *

**You:**

I changed the router configuration to work with a sub interface
interface GigabitEthernet0/0
 description LAN
 ip address 192.168.2.1 255.255.255.0
 ip nat inside
 duplex auto
 speed auto
!
interface GigabitEthernet0/0.10
 description Security LAN
 encapsulation dot1Q 10
 ip address 192.168.3.1 255.255.255.0
!

how do i need to adjust the switch configuration?

* * *

**ChatGPT:**

Now that you have created a sub-interface on the router, you need to make some changes to the switch configuration to enable communication between the VLANs.

Here are the necessary changes:

1.  Change the port connecting the router to the switch to a trunk port. If the router is connected to the switch using the GigabitEthernet0/1 interface, update the configuration as follows:

```arduino
Switch#conf t
Switch(config)#interface GigabitEthernet0/1
Switch(config-if)#switchport trunk encapsulation dot1q
Switch(config-if)#switchport mode trunk
Switch(config-if)#end
```

2.  Remove the IP address from the VLAN 10 interface on the switch, as the router's sub-interface GigabitEthernet0/0.10 will handle inter-VLAN routing.

```arduino
Switch#conf t
Switch(config)#interface Vlan10
Switch(config-if)#no ip address
Switch(config-if)#end
```

3.  Update the static route on the switch to point to the router's sub-interface IP address (192.168.3.1) as the next hop:

```arduino
Switch#conf t
Switch(config)#no ip route 0.0.0.0 0.0.0.0 192.168.2.1
Switch(config)#ip route 0.0.0.0 0.0.0.0 192.168.3.1
Switch(config)#end
```

4.  Lastly, ensure the Storage Server and other devices in VLAN 10 have their default gateway set to the router's sub-interface IP address (192.168.3.1).

After making these changes, the devices in VLAN 10 should be able to communicate with devices in the other VLANs through the router's sub-interface. Test the connectivity by pinging the storage server from a device within the 192.168.2.x network.

* * *

**You:**

How can i pass all routing traffic outside of 192.168.2.x to the router by default? i would like to configure my managed switch (2560-24PS) to do so

* * *

**ChatGPT:**

To pass all routing traffic outside of the 192.168.2.x network to the router by default, you need to configure a default route on the switch pointing to the router's IP address.

You mentioned earlier that the router's IP address is 192.168.2.1. If you have a Layer 3 switch, you can configure a default route as follows:

1.  Enter the global configuration mode:

```arduino
Switch#conf t
```

2.  Configure the default route pointing to the router:

```arduino
Switch(config)#ip route 0.0.0.0 0.0.0.0 192.168.2.1
```

3.  Exit the configuration mode:

```arduino
Switch(config)#end
```

Now, the switch will forward any traffic destined for networks outside the 192.168.2.x subnet to the router (192.168.2.1) by default. Ensure that the devices connected to the switch have their default gateways set to the switch's IP address for their respective VLANs.